$ bun run cli/index.ts launch --all --monitoring

▶ Base Dependencies Checks
───────────────────────────
[14:41:49.597] [32mINFO[39m (186802): [36m✅ Kurtosis CLI found[39m
[14:41:49.602] [32mINFO[39m (186802): [36m✅ Bun is installed and up to date[39m
[14:41:49.662] [32mINFO[39m (186802): [36m✅ Docker is running[39m
[14:41:49.670] [32mINFO[39m (186802): [36m✅ Forge is installed[39m

──────────────────────────────────────────────────


▶ Starting DataHaven Network
─────────────────────────────
[14:41:49.672] [32mINFO[39m (186802): [36m🏳️ Using flag option: will launch DataHaven network[39m
[14:41:49.710] [32mINFO[39m (186802): [36mℹ️ DataHaven containers already running: 
datahaven-bob
datahaven-alice
[39m
[14:41:49.711] [32mINFO[39m (186802): [36mℹ️ DataHaven network already running: datahaven-net
[39m
[14:41:49.711] [32mINFO[39m (186802): [36m🧹 Stopping and removing existing DataHaven containers...[39m
[14:41:49.912] [32mINFO[39m (186802): [36m🧹 Stopping and removing existing relayer containers (relayers depend on DataHaven nodes)...[39m
[14:41:49.917] [32mINFO[39m (186802): [36m✅ Existing DataHaven containers stopped and removed.[39m
[14:41:50.018] [32mINFO[39m (186802): [36m✅ DataHaven Docker network removed.[39m
[14:41:50.041] [32mINFO[39m (186802): [36m⛓️‍💥 Creating Docker network: datahaven-net[39m
[14:41:50.091] [32mINFO[39m (186802): [36m🏳️ Using flag option: will build DataHaven node local Docker image[39m
[14:41:50.092] [32mINFO[39m (186802): [36m🔀 Cross-building DataHaven node for Linux AMD64[39m
[14:41:50.093] [32mINFO[39m (186802): [36m🖥️ Linux AMD64 detected. Proceeding with cross-building...[39m
[14:41:51.164] [32mINFO[39m (186802): [36m🐳 Building DataHaven node local Docker image...[39m
[14:41:52.715] [32mINFO[39m (186802): [36m✅ DataHaven node local Docker image build completed successfully[39m
[14:41:52.735] [32mINFO[39m (186802): [36m✅ Image moonsonglabs/datahaven:local found locally[39m
[14:41:52.735] [32mINFO[39m (186802): [36m✅ DataHaven nodes will use Docker network: datahaven-net[39m
[14:41:52.735] [32mINFO[39m (186802): [36m🚀 Starting alice...[39m
[14:41:52.971] [32mINFO[39m (186802): [36m🚀 Starting bob...[39m
[14:41:53.115] [32mINFO[39m (186802): [36m⌛️ Waiting for DataHaven to start...[39m
[14:41:57.133] [32mINFO[39m (186802): [36m✅ DataHaven network started, primary node accessible on port 9944[39m
[14:41:57.148] [32mINFO[39m (186802): [36m📝 Node datahaven-alice successfully registered in launchedNetwork.[39m
[14:41:57.149] [32mINFO[39m (186802): [36m🔧 Preparing DataHaven authorities configuration for network: anvil...[39m
[14:41:57.150] [32mINFO[39m (186802): [36m📡 Attempting to fetch BEEFY next authorities from node datahaven-alice (port 9944)...[39m
[14:41:57.402] [32mINFO[39m (186802): [36m✅ Successfully fetched 2 BEEFY next authorities directly.[39m
[14:41:57.410] [32mINFO[39m (186802): [36m✅ DataHaven authority hashes updated in: /home/elfedy/msl/datahaven/contracts/config/anvil.json[39m

──────────────────────────────────────────────────


▶ Starting Kurtosis Ethereum Network
─────────────────────────────────────
[14:41:57.445] [33mWARN[39m (186802): [36m⚠️ Kurtosis cluster get failed: Error:  An error occurred running command 'get'
  Caused by: Failed to get cluster setting.
  Caused by: Failed to get cluster setting from setting file.
  Caused by: An error occurred reading cluster setting file
  Caused by: open /home/elfedy/.local/share/kurtosis/cluster-setting: no such file or directory
[39m
[14:41:57.446] [32mINFO[39m (186802): [36mℹ️ Assuming local launch mode and continuing.[39m
[14:41:57.507] [32mINFO[39m (186802): [36mℹ️  Kurtosis Ethereum network is already running.[39m
[14:41:57.507] [32mINFO[39m (186802): [36m🧹 Cleaning up Docker and Kurtosis environments...[39m
[14:42:19.292] [32mINFO[39m (186802): [36m🚀 Starting Kurtosis enclave...[39m
[14:42:19.316] [32mINFO[39m (186802): [36m⚙️ Using Kurtosis config file: tmp/configs/modified-config.yaml[39m
[14:42:46.801] [32mINFO[39m (186802): [36m📝 Registering Kurtosis service endpoints...[39m
[14:42:46.872] [32mINFO[39m (186802): [36m📝 Execution Layer RPC URL configured: http://127.0.0.1:32833[39m
[14:42:46.947] [32mINFO[39m (186802): [36m📝 Consensus Layer Endpoint configured: http://127.0.0.1:32843[39m
[14:42:46.947] [32mINFO[39m (186802): [36m✅ Kurtosis network operations completed successfully.[39m

──────────────────────────────────────────────────


▶ Starting Monitoring Stack
────────────────────────────
[14:42:46.948] [32mINFO[39m (186802): [36m🏳️ Using flag option: will launch monitoring stack[39m
[14:42:46.973] [32mINFO[39m (186802): [36m🚀 Starting monitoring stack...[39m
time="2025-07-16T14:42:47-03:00" level=warning msg="/home/elfedy/msl/datahaven/test/monitoring/docker-compose.yml: the attribute `version` is obsolete, it will be ignored, please remove it to avoid potential confusion"
 Container datahaven-loki  Creating
 Container datahaven-loki  Created
 Container datahaven-alloy  Creating
 Container datahaven-grafana  Creating
 Container datahaven-alloy  Created
 Container datahaven-grafana  Created
 Container datahaven-loki  Starting
 Container datahaven-loki  Started
 Container datahaven-grafana  Starting
 Container datahaven-alloy  Starting
 Container datahaven-grafana  Started
 Container datahaven-alloy  Started
[14:42:47.399] [32mINFO[39m (186802): [36m✅ Monitoring stack started successfully!
  📊 Grafana: http://localhost:3000 (admin/admin)
  📝 Loki API: http://localhost:3100[39m

──────────────────────────────────────────────────


▶ Deploying Smart Contracts
────────────────────────────
[14:42:47.400] [32mINFO[39m (186802): [36m🏳️ Using flag option: will deploy smart contracts[39m
[14:42:47.400] [32mINFO[39m (186802): [36m🛳️ Building contracts...[39m
[14:42:58.219] [32mINFO[39m (186802): [36m⌛️ Deploying contracts (this might take a few minutes)...[39m
[14:42:58.356] [32mINFO[39m (186802): [36m>_ No files changed, compilation skipped[39m
[14:42:58.553] [32mINFO[39m (186802): [36m>_ 
Script ran successfully.

== Logs ==
  
  ============================================================
  |  DATAHAVEN DEPLOYMENT SCRIPT  |
  ------------------------------------------------------------
  |  Network: anvil
  |  Timestamp: 1752687785
  ============================================================
  
  
  ============================================================
  |  EIGENLAYER CORE CONTRACTS DEPLOYMENT  |
  ------------------------------------------------------------
  |  [i] Deploying core infrastructure contracts
  |  [+] ProxyAdmin: 0x610178dA211FEF7D417bC0e6FeD39F05609AD788
  |  [+] PauserRegistry: 0xB7f8BC63BbcaD18155201308C8f3540b07f84F5e
  |  [+] EmptyContract: 0xA51c1fc2f0D1a1b8494Ed1FE312d7C3a78Ed91C0
  
  |  Deploying Proxy Contracts:
  ------------------------------------------------------------
  |  [+] DelegationManager Proxy: 0x0DCd1Bf9A1b36cE34237eEaFef220932846BCD82
  |  [+] StrategyManager Proxy: 0x9A676e781A523b5d0C0e43731313A708CB607508
  |  [+] AVSDirectory Proxy: 0x0B306BF915C4d645ff596e518fAf3F9669b97016
  |  [+] EigenPodManager Proxy: 0x959922bE3CAee4b8Cd9a407cc3ac1C251C2007B1
  |  [+] RewardsCoordinator Proxy: 0x9A9f2CCfdE556A7E9Ff0848998Aa4a0CFD8863AE
  |  [+] AllocationManager Proxy: 0x68B1D87F95878fE05B998F19b66F4baba5De1aed
  |  [+] PermissionController Proxy: 0x3Aa5ebB10DC797CAC828524e59A333d0A371443c
  |  >>> Initial proxies deployed successfully
  |  [+] ETHPOSDeposit: 0xC7f2Cf4845C6db0e1a1e91ED41Bcd0FcC1b0E141
  |  [+] EigenPod Implementation: 0xc6e7DF5E7b4f2A278906862b61205850344D4e7d
  |  [+] EigenPod Beacon: 0x59b670e9fA9D0A427751Af201D676719a970857b
  
  |  Deploying Implementation Contracts:
  ------------------------------------------------------------
  |  [+] DelegationManager Implementation: 0x4ed7c70F96B99c776995fB64377f0d4aB3B0e1C1
  |  [+] StrategyManager Implementation: 0x322813Fd9A801c5507c9de605d63CEA4f2CE6c44
  |  [+] AVSDirectory Implementation: 0xa85233C63b9Ee964Add6F2cffe00Fd84eb32338f
  |  [+] EigenPodManager Implementation: 0x4A679253410272dd5232B3Ff7cF5dbB88f295319
  |  [+] RewardsCoordinator Implementation: 0x7a2088a1bFc9d81c55368AE168C2C02570cB814F
  |  [+] AllocationManager Implementation: 0x09635F643e140090A9A8Dcd712eD6285858ceBef
  |  [+] PermissionController Implementation: 0xc5a5C42992dECbae36851359345FE25997F5C42d
  |  >>> Implementation contracts deployed successfully
  
  |  Initializing Contracts:
  ------------------------------------------------------------
  |  >>> DelegationManager initialized
  |  >>> StrategyManager initialized
  |  >>> AVSDirectory initialized
  |  >>> EigenPodManager initialized
  |  >>> RewardsCoordinator initialized
  |  >>> AllocationManager initialized
  |  >>> PermissionController upgraded
  |  >>> Proxies upgraded and initialized successfully
  
  |  Deploying Strategy Contracts:
  ------------------------------------------------------------
  |  [+] Strategy Implementation: 0x851356ae760d987E095750cCeb3bC6014560891C
  |  [+] TestToken: 0xf5059a5D33d5853360D16C683c16e67980206f36
  |  [+] Test Strategy: 0x95401dc811bb5740090279Ba06cfA8fcF6113778
  |  >>> Strategy contracts deployed successfully
  |  >>> Ownership transferred to multisig
  ============================================================
  
  
  Progress: Step 1/4 completed (25%)
  
  
  ============================================================
  |  SNOWBRIDGE DEPLOYMENT  |
  ------------------------------------------------------------
  
  |  Deploying Snowbridge Core Components:
  ------------------------------------------------------------
  |  [+] BeefyClient: 0x4826533B4897376654Bb4d4AD88B7faFD0C98528
  |  [+] AgentExecutor: 0x99bbA657f2BbC93c02D617f8bA121cB8Fc104Acf
  |  [+] Gateway Implementation: 0x0E801D84Fa97b50751Dbf25036d067dCf18858bF
  |  [+] Gateway Proxy: 0x8f86403A4DE0BB5791fa46B8e795C547942fE4Cf
  
  |  Creating Snowbridge Agent:
  ------------------------------------------------------------
  |  [+] Rewards Agent: 0x4dEad3189b0D497968412ADF0DC960cdD8048808
  ============================================================
  
  
  Progress: Step 2/4 completed (50%)
  
  
  ============================================================
  |  DATAHAVEN CUSTOM CONTRACTS DEPLOYMENT  |
  ------------------------------------------------------------
  |  [+] ServiceManager Implementation: 0x5eb3Bc0a489C5A8288765d2336659EbCA68FCd00
  |  [+] ServiceManager Proxy: 0x36C02dA8a0983159322a80FFE9F24b1acfF8B570
  |  [+] VetoableSlasher: 0x809d550fca64d94Bd9F66E60752A544199cfAC3D
  |  [+] RewardsRegistry: 0x4c5859f0F772848b2D91F1D83E2Fe57935348029
  
  |  Configuring Service Manager:
  ------------------------------------------------------------
  |  >>> DataHaven service registered in AllocationManager
  |  >>> Slasher set in ServiceManager
  |  >>> RewardsRegistry set in ServiceManager
  ============================================================
  
  
  Progress: Step 3/4 completed (75%)
  
  
  ============================================================
  |  FINAL CONFIGURATION  |
  ------------------------------------------------------------
  |  >>> Agent set in RewardsRegistry
  |  [+] Agent Address: 0x4dEad3189b0D497968412ADF0DC960cdD8048808
  ============================================================
  
  
  Progress: Step 4/4 completed (100%)
  
  
  ============================================================
  |  DEPLOYMENT SUMMARY  |
  ------------------------------------------------------------
  
  |  Snowbridge Contracts + Rewards Agent:
  ------------------------------------------------------------
  |  [+] BeefyClient: 0x4826533B4897376654Bb4d4AD88B7faFD0C98528
  |  [+] AgentExecutor: 0x99bbA657f2BbC93c02D617f8bA121cB8Fc104Acf
  |  [+] Gateway: 0x8f86403A4DE0BB5791fa46B8e795C547942fE4Cf
  |  [+] RewardsAgent: 0x4dEad3189b0D497968412ADF0DC960cdD8048808
  
  |  DataHaven Contracts:
  ------------------------------------------------------------
  |  [+] ServiceManager: 0x36C02dA8a0983159322a80FFE9F24b1acfF8B570
  |  [+] VetoableSlasher: 0x809d550fca64d94Bd9F66E60752A544199cfAC3D
  |  [+] RewardsRegistry: 0x4c5859f0F772848b2D91F1D83E2Fe57935348029
  
  |  EigenLayer Core Contracts:
  ------------------------------------------------------------
  |  [+] DelegationManager: 0x0DCd1Bf9A1b36cE34237eEaFef220932846BCD82
  |  [+] StrategyManager: 0x9A676e781A523b5d0C0e43731313A708CB607508
  |  [+] AVSDirectory: 0x0B306BF915C4d645ff596e518fAf3F9669b97016
  |  [+] EigenPodManager: 0x959922bE3CAee4b8Cd9a407cc3ac1C251C2007B1
  |  [+] EigenPodBeacon: 0x59b670e9fA9D0A427751Af201D676719a970857b
  |  [+] RewardsCoordinator: 0x9A9f2CCfdE556A7E9Ff0848998Aa4a0CFD8863AE
  |  [+] AllocationManager: 0x68B1D87F95878fE05B998F19b66F4baba5De1aed
  |  [+] PermissionController: 0x3Aa5ebB10DC797CAC828524e59A333d0A371443c
  |  [+] ETHPOSDeposit: 0xC7f2Cf4845C6db0e1a1e91ED41Bcd0FcC1b0E141
  
  |  Strategy Contracts:
  ------------------------------------------------------------
  |  [+] BaseStrategyImplementation: 0x851356ae760d987E095750cCeb3bC6014560891C
  |  [+] DeployedStrategy0: 0x95401dc811bb5740090279Ba06cfA8fcF6113778
  ============================================================
  
  |  [i] Deployment info saved to: /home/elfedy/msl/datahaven/contracts/deployments/anvil.json
  
  ============================================================
  |  REWARDS AGENT INFO  |
  ------------------------------------------------------------
  |  [+] RewardsAgent: 0x4dEad3189b0D497968412ADF0DC960cdD8048808
  |  [+] RewardsAgentOrigin: 0x0000000000000000000000000000000000000000000000000000000000000000
  |  [+] updateRewardsMerkleRootSelector: 0xdc3d04ec00000000000000000000000000000000000000000000000000000000
  ============================================================
  
  |  [i] Rewards info saved to: /home/elfedy/msl/datahaven/contracts/deployments/anvil-rewards-info.json[39m
[14:42:58.554] [32mINFO[39m (186802): [36m>_ ## Setting up 1 EVM.[39m
[14:42:58.563] [32mINFO[39m (186802): [36m>_ 
==========================

Chain 3151908

Estimated gas price: 2.000000001 gwei

Estimated total gas used for script: 75716116

Estimated amount required: 0.151432232075716116 ETH

==========================[39m
[14:44:00.353] [32mINFO[39m (186802): [36m>_ 
==========================

ONCHAIN EXECUTION COMPLETE & SUCCESSFUL.[39m
[14:44:00.366] [32mINFO[39m (186802): [36m>_ 
Transactions saved to: /home/elfedy/msl/datahaven/contracts/broadcast/DeployLocal.s.sol/3151908/run-latest.json

Sensitive values saved to: /home/elfedy/msl/datahaven/contracts/cache/DeployLocal.s.sol/3151908/run-latest.json[39m
[14:44:00.380] [32mINFO[39m (186802): [36m✅ Contracts deployed successfully[39m

──────────────────────────────────────────────────

[14:44:00.382] [32mINFO[39m (186802): [36m🏳️ Using flag option: will fund validators[39m

▶ Funding DataHaven Validators for Local Testing
─────────────────────────────────────────────────
[14:44:00.385] [32mINFO[39m (186802): [36m🔎 Found 5 validators to fund[39m
[14:44:00.387] [32mINFO[39m (186802): [36m💸 Funding validators with tokens...[39m
[14:44:01.265] [32mINFO[39m (186802): [36m✅ Successfully transferred tokens to validator 0xf39Fd6e51aad88F6F4ce6aB8827279cffFb92266[39m
[14:44:02.309] [32mINFO[39m (186802): [36m✅ Successfully transferred tokens to validator 0x3C44CdDdB6a900fa2b585dd299e03d12FA4293BC[39m
[14:44:03.341] [32mINFO[39m (186802): [36m✅ Successfully transferred ETH to validator 0x3C44CdDdB6a900fa2b585dd299e03d12FA4293BC[39m
[14:44:04.374] [32mINFO[39m (186802): [36m✅ Successfully transferred tokens to validator 0x90F79bf6EB2c4f870365E785982E1f101E93b906[39m
[14:44:05.169] [32mINFO[39m (186802): [36m✅ Successfully transferred ETH to validator 0x90F79bf6EB2c4f870365E785982E1f101E93b906[39m
[14:44:06.196] [32mINFO[39m (186802): [36m✅ Successfully transferred tokens to validator 0x15d34AAf54267DB7D7c367839AAf71A00a2C6A65[39m
[14:44:07.233] [32mINFO[39m (186802): [36m✅ Successfully transferred ETH to validator 0x15d34AAf54267DB7D7c367839AAf71A00a2C6A65[39m
[14:44:07.233] [32mINFO[39m (186802): [36m✅ All validators have been funded with tokens[39m

──────────────────────────────────────────────────

[14:44:07.233] [32mINFO[39m (186802): [36m🏳️ Using flag option: will register validators[39m

▶ Setting Up DataHaven Validators
──────────────────────────────────
[14:44:07.234] [32mINFO[39m (186802): [36m🔎 Found 5 validators to register[39m
[14:44:07.234] [32mINFO[39m (186802): [36m🔧 Setting up validator 0 (0xf39Fd6e51aad88F6F4ce6aB8827279cffFb92266)[39m
[14:44:12.245] [32mINFO[39m (186802): [36m✅ Successfully registered validator 0xf39Fd6e51aad88F6F4ce6aB8827279cffFb92266[39m
[14:44:12.246] [32mINFO[39m (186802): [36m🔧 Setting up validator 1 (0x70997970C51812dc3A010C7d01b50e0d17dc79C8)[39m
[14:44:17.239] [32mINFO[39m (186802): [36m✅ Successfully registered validator 0x70997970C51812dc3A010C7d01b50e0d17dc79C8[39m
[14:44:17.240] [32mINFO[39m (186802): [36m🔧 Setting up validator 2 (0x3C44CdDdB6a900fa2b585dd299e03d12FA4293BC)[39m
[14:44:22.238] [32mINFO[39m (186802): [36m✅ Successfully registered validator 0x3C44CdDdB6a900fa2b585dd299e03d12FA4293BC[39m
[14:44:22.238] [32mINFO[39m (186802): [36m🔧 Setting up validator 3 (0x90F79bf6EB2c4f870365E785982E1f101E93b906)[39m
[14:44:27.260] [32mINFO[39m (186802): [36m✅ Successfully registered validator 0x90F79bf6EB2c4f870365E785982E1f101E93b906[39m
[14:44:27.260] [32mINFO[39m (186802): [36m🔧 Setting up validator 4 (0x15d34AAf54267DB7D7c367839AAf71A00a2C6A65)[39m
[14:44:32.272] [32mINFO[39m (186802): [36m✅ Successfully registered validator 0x15d34AAf54267DB7D7c367839AAf71A00a2C6A65[39m

──────────────────────────────────────────────────


▶ Setting DataHaven Runtime Parameters
───────────────────────────────────────
[14:44:32.274] [32mINFO[39m (186802): [36m🏳️ Using flag option: will set DataHaven parameters[39m
[14:44:32.311] [32mINFO[39m (186802): [36m🔧 Attempting to set parameter: EthereumGatewayAddress = 0x8f86403a4de0bb5791fa46b8e795c547942fe4cf[39m
[14:44:55.673] [32mINFO[39m (186802): [36m🔧 Attempting to set parameter: RewardsRegistryAddress = 0x4c5859f0f772848b2d91f1d83e2fe57935348029[39m
[14:45:19.708] [32mINFO[39m (186802): [36m🔧 Attempting to set parameter: RewardsUpdateSelector = 0xdc3d04ec[39m
[14:45:43.741] [32mINFO[39m (186802): [36m🔧 Attempting to set parameter: RewardsAgentOrigin = 0x0000000000000000000000000000000000000000000000000000000000000000[39m
[14:46:07.788] [32mINFO[39m (186802): [36m✅ All specified DataHaven parameters processed successfully.[39m

──────────────────────────────────────────────────


▶ Starting Snowbridge Relayers
───────────────────────────────
[14:46:07.791] [32mINFO[39m (186802): [36m🏳️ Using flag option: will launch Snowbridge relayers[39m
[14:46:07.792] [32mINFO[39m (186802): [36m🔌 Using DataHaven node datahaven-alice on port 9944 for relayers and BEEFY check.[39m
[14:46:07.800] [32mINFO[39m (186802): [36m⌛️ Waiting for BEEFY to be ready on port 9944...[39m
[14:46:07.805] [32mINFO[39m (186802): [36m🥩 BEEFY is ready. Finalised head: 0xd4f2e9eb74398618df50d449f24d7d2f18d22cb2927f75c648853d78e9902007.[39m
[14:46:08.058] [32mINFO[39m (186802): [36m✅ Updated beefy config written to /home/elfedy/msl/datahaven/test/tmp/configs/beefy-relay.json[39m
[14:46:08.060] [32mINFO[39m (186802): [36m✅ Updated beacon config written to /home/elfedy/msl/datahaven/test/tmp/configs/beacon-relay.json[39m
[14:46:08.061] [32mINFO[39m (186802): [36m✅ Updated solochain config written to /home/elfedy/msl/datahaven/test/tmp/configs/solochain-relay.json[39m
[14:46:08.061] [32mINFO[39m (186802): [36m✅ Updated execution config written to /home/elfedy/msl/datahaven/test/tmp/configs/execution-relay.json[39m
[14:46:08.064] [32mINFO[39m (186802): [36m⏲️ Beacon chain is ready with finalised block: 0x19f6dabec040dff550d3fadc6f35739ad5acfc5a7c2f9c1640995e1a6007f511[39m
[14:46:31.828] [32mINFO[39m (186802): [36m📪 "force_checkpoint" transaction with hash 0x7de488b59ed9a617d61df127213c00e4c0a5f0e33e312090abe5f80542b8db2f submitted successfully and finalised in block 0x08eb87e8cee9fbab9377ea74b367f6b5c18be835d8d6914c01a995de1610c413[39m
[14:46:31.829] [32mINFO[39m (186802): [36m✅ Ethereum Beacon Client pallet initialised[39m
[14:46:31.829] [32mINFO[39m (186802): [36m🚀 Starting relayer snowbridge-beefy-relay ...[39m
[14:46:33.342] [32mINFO[39m (186802): [36m✅ Started relayer relayer-🥩 with process 186802[39m
[14:46:33.342] [32mINFO[39m (186802): [36m🚀 Starting relayer snowbridge-beacon-relay ...[39m
[14:46:34.972] [32mINFO[39m (186802): [36m✅ Started relayer relayer-🥓 with process 186802[39m
[14:46:34.973] [32mINFO[39m (186802): [36m🚀 Starting relayer snowbridge-solochain-relay ...[39m
[14:46:36.438] [32mINFO[39m (186802): [36m✅ Started relayer relayer-⛓️ with process 186802[39m
[14:46:36.438] [32mINFO[39m (186802): [36m🚀 Starting relayer snowbridge-execution-relay ...[39m
[14:46:37.934] [32mINFO[39m (186802): [36m✅ Started relayer relayer-⚙️ with process 186802[39m
[14:46:37.935] [32mINFO[39m (186802): [36m✅ Snowbridge relayers started[39m

──────────────────────────────────────────────────

[14:46:37.935] [32mINFO[39m (186802): [36m🏳️ Using flag option: will update validator set[39m

▶ Updating DataHaven Validator Set
───────────────────────────────────
[14:46:39.202] [32mINFO[39m (186802): [36m✅ Validator set sent to Snowbridge Gateway[39m

──────────────────────────────────────────────────


▶ Service Endpoints
────────────────────
┌───┬────────────────────┬───────────────────────────┬────────────────────────┐
│   │ service            │ ports                     │ url                    │
├───┼────────────────────┼───────────────────────────┼────────────────────────┤
│ 0 │ cl-1-lodestar-reth │ { http: 32843 }           │ http://127.0.0.1:32843 │
│ 1 │ cl-2-lodestar-reth │ { http: 32846 }           │ http://127.0.0.1:32846 │
│ 2 │ el-1-reth-lodestar │ { rpc: 32833, ws: 32834 } │ http://127.0.0.1:32833 │
│ 3 │ el-2-reth-lodestar │ { rpc: 32838, ws: 32839 } │ http://127.0.0.1:32838 │
│ 4 │ dora               │ { http: 32851 }           │ http://127.0.0.1:32851 │
│ 5 │ datahaven-alice    │ { ws: 9944 }              │ http://127.0.0.1:9944  │
└───┴────────────────────┴───────────────────────────┴────────────────────────┘
[14:46:39.614] [32mINFO[39m (186802): [36m✅ Launch function completed successfully in 4.8 minutes[39m
